\BOOKMARK [0][-]{chapter*.1}{Введение}{}% 1
\BOOKMARK [0][-]{chapter.1}{Систематизация общих проблем}{}% 2
\BOOKMARK [1][-]{section.1.1}{Основные определения}{chapter.1}% 3
\BOOKMARK [1][-]{section.1.2}{Анализ проблем проектирования высоконагруженных систем}{chapter.1}% 4
\BOOKMARK [1][-]{section.1.3}{Определение проблемы}{chapter.1}% 5
\BOOKMARK [2][-]{subsection.1.3.1}{Определение типов нагрузки}{section.1.3}% 6
\BOOKMARK [2][-]{subsection.1.3.2}{Проблема определения понятия высоконагруженных систем}{section.1.3}% 7
\BOOKMARK [2][-]{subsection.1.3.3}{Идентификация высоконагруженной системы}{section.1.3}% 8
\BOOKMARK [2][-]{subsection.1.3.4}{Проблемы проектирования высоконагруженных систем}{section.1.3}% 9
\BOOKMARK [2][-]{subsection.1.3.5}{Заголовки с формулами: a² + b² = c², |ImΣ \(ε\)| ≈ const, σ_\173xx\175^\173\(1\)\175 }{section.1.3}% 10
\BOOKMARK [1][-]{section.1.4}{Систематизация общих проблем}{chapter.1}% 11
\BOOKMARK [1][-]{section.1.5}{Обзор существующих средств проектирования высоконагруженных приложений}{chapter.1}% 12
\BOOKMARK [0][-]{chapter.2}{Длинное название главы, в которой мы смотрим на примеры того, как будут верстаться изображения и списки}{}% 13
\BOOKMARK [1][-]{section.2.1}{Одиночное изображение}{chapter.2}% 14
\BOOKMARK [1][-]{section.2.2}{Длинное название параграфа, в котором мы узнаём как сделать две картинки с общим номером и названием}{chapter.2}% 15
\BOOKMARK [1][-]{section.2.3}{Пример вёрстки списков}{chapter.2}% 16
\BOOKMARK [1][-]{section.2.4}{Традиции русского набора}{chapter.2}% 17
\BOOKMARK [2][-]{subsection.2.4.1}{Пробелы}{section.2.4}% 18
\BOOKMARK [2][-]{subsection.2.4.2}{Математические знаки и символы}{section.2.4}% 19
\BOOKMARK [2][-]{subsection.2.4.3}{Кавычки}{section.2.4}% 20
\BOOKMARK [2][-]{subsection.2.4.4}{Тире}{section.2.4}% 21
\BOOKMARK [2][-]{subsection.2.4.5}{Дефисы и переносы слов}{section.2.4}% 22
\BOOKMARK [1][-]{section.2.5}{Текст из панграмм и формул}{chapter.2}% 23
\BOOKMARK [0][-]{chapter.3}{Вёрстка таблиц}{}% 24
\BOOKMARK [1][-]{section.3.1}{Таблица обыкновенная}{chapter.3}% 25
\BOOKMARK [1][-]{section.3.2}{Таблица с многострочными ячейками и примечанием}{chapter.3}% 26
\BOOKMARK [1][-]{section.3.3}{Таблицы с форматированными числами}{chapter.3}% 27
\BOOKMARK [1][-]{section.3.4}{Параграф to.8em—- два}{chapter.3}% 28
\BOOKMARK [1][-]{section.3.5}{Параграф с подпараграфами}{chapter.3}% 29
\BOOKMARK [2][-]{subsection.3.5.1}{Подпараграф to.8em—- один}{section.3.5}% 30
\BOOKMARK [2][-]{subsection.3.5.2}{Подпараграф to.8em—- два}{section.3.5}% 31
\BOOKMARK [0][-]{chapter*.29}{Заключение}{}% 32
\BOOKMARK [0][-]{chapter*.30}{Список сокращений и условных обозначений}{}% 33
\BOOKMARK [0][-]{chapter*.31}{Словарь терминов}{}% 34
\BOOKMARK [0][-]{section*.32}{Список рисунков}{}% 35
\BOOKMARK [0][-]{section*.33}{Список таблиц}{}% 36
\BOOKMARK [0][-]{appendix.A}{Примеры вставки листингов программного кода}{}% 37
\BOOKMARK [0][-]{appendix.B}{Очень длинное название второго приложения, в котором продемонстрирована работа с длинными таблицами}{}% 38
\BOOKMARK [1][-]{section.B.1}{Подраздел приложения}{appendix.B}% 39
\BOOKMARK [1][-]{section.B.2}{Ещё один подраздел приложения}{appendix.B}% 40
\BOOKMARK [1][-]{section.B.3}{Использование длинных таблиц с окружением longtabu}{appendix.B}% 41
\BOOKMARK [1][-]{section.B.4}{Форматирование внутри таблиц}{appendix.B}% 42
\BOOKMARK [1][-]{section.B.5}{Стандартные префиксы ссылок}{appendix.B}% 43
\BOOKMARK [1][-]{section.B.6}{Очередной подраздел приложения}{appendix.B}% 44
\BOOKMARK [1][-]{section.B.7}{И ещё один подраздел приложения}{appendix.B}% 45
\BOOKMARK [0][-]{appendix.C}{Чертёж детали}{}% 46
